[eu.battle.net/wow/en/legion/index.html]
[backblue.gif]
[fade.gif]
[index.html]
[bnetcmsus-a.akamaihd.net/cms/template_resource/wow/css/wow.min.1cfef.css]
[bnetcmsus-a.akamaihd.net/cms/template_resource/wow.wow.min.29cfef.css]
[media.blizzard.com/global-video-player/ratings/wow/en-gb.jpg]
[media.blizzard.com/battle.net/logos/og-wow.png]
[eu.battle.net/wow/static/local-common/js/common-game-site.minc295.js]
[eu.battle.net/wow/static/local-common/css/commoncfef.css]
[eu.battle.net/wow/static/css/nav-client/nav-clientb925.css]
[eu.battle.net/wow/static/css/nav-client/nav-client-responsiveb925.css]
[eu.battle.net/wow/static/css/legal/ratingscfef.css]
[eu.battle.net/wow/static/images/seven-oh/logo.png]
[eu.battle.net/wow/static/css/seven-oh/seven-ohb925.css]
[media.blizzard.com/wow/legion-6a153ad2/images/header-illidan-still.jpg]
[media.blizzard.com/wow/legion-6a153ad2/images/RHJhZW5vblVwZ3JhZGU.jpg]
[eu.battle.net/wow/static/local-common/js/third-partyc295.js]
[media.blizzard.com/wow/legion-6a153ad2/images/teaser-thumb.jpg]
[media.blizzard.com/wow/legion-6a153ad2/images/announcement-thumb.jpg]
[media.blizzard.com/wow/legion-6a153ad2/images/demon-hunters-still.jpg]
[media.blizzard.com/wow/legion-6a153ad2/images/demon-hunter-female.jpg]
[media.blizzard.com/wow/legion-6a153ad2/images/demon-hunter-male.jpg]
[media.blizzard.com/wow/legion-6a153ad2/images/spectral-sight-icon.png]
[media.blizzard.com/wow/legion-6a153ad2/images/metamorphosis-icon.png]
[media.blizzard.com/wow/legion-6a153ad2/images/mobility-icon.png]
[media.blizzard.com/wow/legion-6a153ad2/images/class-nelf-female-tank.jpg]
[media.blizzard.com/wow/legion-6a153ad2/images/class-nelf-female-tank-thumb.jpg]
[media.blizzard.com/wow/legion-6a153ad2/images/class-base.jpg]
[media.blizzard.com/wow/legion-6a153ad2/images/class-base-thumb.jpg]
[media.blizzard.com/wow/legion-6a153ad2/images/class-belf-male-dps.jpg]
[media.blizzard.com/wow/legion-6a153ad2/images/class-belf-male-dps-thumb.jpg]
[media.blizzard.com/wow/legion-6a153ad2/images/ashbringer-compact.png]
[media.blizzard.com/wow/legion-6a153ad2/images/artifact-ashbringer-1.jpg]
[media.blizzard.com/wow/legion-6a153ad2/images/artifact-ashbringer-1-thumb.jpg]
[media.blizzard.com/wow/legion-6a153ad2/images/artifact-ashbringer-2.jpg]
[media.blizzard.com/wow/legion-6a153ad2/images/artifact-ashbringer-2-thumb.jpg]
[media.blizzard.com/wow/legion-6a153ad2/images/artifact-ashbringer-3.jpg]
[media.blizzard.com/wow/legion-6a153ad2/images/artifact-ashbringer-3-thumb.jpg]
[media.blizzard.com/wow/legion-6a153ad2/images/maw-compact.png]
[media.blizzard.com/wow/legion-6a153ad2/images/artifact-maw-1.jpg]
[media.blizzard.com/wow/legion-6a153ad2/images/artifact-maw-1-thumb.jpg]
[media.blizzard.com/wow/legion-6a153ad2/images/artifact-maw-2.jpg]
[media.blizzard.com/wow/legion-6a153ad2/images/artifact-maw-2-thumb.jpg]
[media.blizzard.com/wow/legion-6a153ad2/images/artifact-maw-3.jpg]
[media.blizzard.com/wow/legion-6a153ad2/images/artifact-maw-3-thumb.jpg]
[media.blizzard.com/wow/legion-6a153ad2/images/antonidas-compact.png]
[media.blizzard.com/wow/legion-6a153ad2/images/artifact-antonidas-1.jpg]
[media.blizzard.com/wow/legion-6a153ad2/images/artifact-antonidas-1-thumb.jpg]
[media.blizzard.com/wow/legion-6a153ad2/images/artifact-antonidas-2.jpg]
[media.blizzard.com/wow/legion-6a153ad2/images/artifact-antonidas-2-thumb.jpg]
[media.blizzard.com/wow/legion-6a153ad2/images/artifact-antonidas-3.jpg]
[media.blizzard.com/wow/legion-6a153ad2/images/artifact-antonidas-3-thumb.jpg]
[media.blizzard.com/wow/legion-6a153ad2/images/shaohao-compact.png]
[media.blizzard.com/wow/legion-6a153ad2/images/artifact-shaohao-1.jpg]
[media.blizzard.com/wow/legion-6a153ad2/images/artifact-shaohao-1-thumb.jpg]
[media.blizzard.com/wow/legion-6a153ad2/images/artifact-shaohao-2.jpg]
[media.blizzard.com/wow/legion-6a153ad2/images/artifact-shaohao-2-thumb.jpg]
[media.blizzard.com/wow/legion-6a153ad2/images/artifact-shaohao-3.jpg]
[media.blizzard.com/wow/legion-6a153ad2/images/artifact-shaohao-3-thumb.jpg]
[media.blizzard.com/wow/legion-6a153ad2/images/windrunner-compact.png]
[media.blizzard.com/wow/legion-6a153ad2/images/artifact-windrunner-1.jpg]
[media.blizzard.com/wow/legion-6a153ad2/images/artifact-windrunner-1-thumb.jpg]
[media.blizzard.com/wow/legion-6a153ad2/images/artifact-windrunner-2.jpg]
[media.blizzard.com/wow/legion-6a153ad2/images/artifact-windrunner-2-thumb.jpg]
[media.blizzard.com/wow/legion-6a153ad2/images/artifact-windrunner-3.jpg]
[media.blizzard.com/wow/legion-6a153ad2/images/artifact-windrunner-3-thumb.jpg]
[media.blizzard.com/wow/legion-6a153ad2/images/world-dissolve-still.jpg]
[media.blizzard.com/wow/legion-6a153ad2/images/map-fullsize.jpg]
[media.blizzard.com/wow/legion-6a153ad2/images/world-compact-1.jpg]
[media.blizzard.com/wow/legion-6a153ad2/images/world-compact-2.jpg]
[media.blizzard.com/wow/legion-6a153ad2/images/world-compact-3.jpg]
[media.blizzard.com/wow/legion-6a153ad2/images/world-compact-4.jpg]
[media.blizzard.com/wow/legion-6a153ad2/images/world-compact-5.jpg]
[media.blizzard.com/wow/legion-6a153ad2/images/map-thumbnail.jpg]
[media.blizzard.com/wow/legion-6a153ad2/images/maiev-compact.png]
[media.blizzard.com/wow/legion-6a153ad2/images/xavius-compact.png]
[media.blizzard.com/wow/legion-6a153ad2/images/anduin-compact.png]
[media.blizzard.com/wow/legion-6a153ad2/images/athissa-compact.png]
[media.blizzard.com/wow/legion-6a153ad2/images/genn-compact.png]
[media.blizzard.com/wow/legion-6a153ad2/images/dargrul-compact.png]
[media.blizzard.com/wow/legion-6a153ad2/images/khadgar-compact.png]
[media.blizzard.com/wow/legion-6a153ad2/images/guldan-compact.png]
[media.blizzard.com/wow/legion-6a153ad2/images/sylvanas-compact.png]
[media.blizzard.com/wow/legion-6a153ad2/images/illidan-compact.png]
[media.blizzard.com/wow/legion-6a153ad2/images/legion-box-art.png]
[eu.battle.net/wow/static/images/nav-client/blizzardcfef.png]
[eu.battle.net/wow/static/images/legal/ratings/pegi/12cfef.png]
[eu.battle.net/wow/static/js/nav-client/navbar-tk.minb925.js]
[eu.battle.net/wow/static/js/seven-oh/dist/seven-oh.minb925.js]
[bnetcmsus-a.akamaihd.net/cms/template_resource/wow/js/wow.min.1cfef.js]
[eu.battle.net/wow/en/legion/index.html]
[bnetcmsus-a.akamaihd.net/cms/template_resource/images/wow/events-content-background.png]
[bnetcmsus-a.akamaihd.net/cms/template_resource/images/wow/events-bg-left-body.jpg]
[bnetcmsus-a.akamaihd.net/cms/template_resource/images/wow/events-bg-left-bottom.jpg]
[bnetcmsus-a.akamaihd.net/cms/template_resource/images/wow/events-bg-left-top.jpg]
[bnetcmsus-a.akamaihd.net/cms/template_resource/images/wow/events-sprite.jpg]
[bnetcmsus-a.akamaihd.net/cms/template_resource/images/wow/events-arrows-compact.png]
[bnetcmsus-a.akamaihd.net/cms/template_resource/images/wow/wiki-box-bg.jpg]
[bnetcmsus-a.akamaihd.net/cms/template_resource/images/wow/events-brewfest-box-bg.jpg]
[bnetcmsus-a.akamaihd.net/cms/template_resource/images/wow/events-childrens-week-box-bg.jpg]
[bnetcmsus-a.akamaihd.net/cms/template_resource/images/wow/events-darkmoon-faire-box-bg.jpg]
[bnetcmsus-a.akamaihd.net/cms/template_resource/images/wow/events-day-of-the-dead-box-bg.jpg]
[bnetcmsus-a.akamaihd.net/cms/template_resource/images/wow/events-feast-of-winter-veil-box-bg.jpg]
[bnetcmsus-a.akamaihd.net/cms/template_resource/images/wow/events-hallows-end-box-bg.jpg]
[bnetcmsus-a.akamaihd.net/cms/template_resource/images/wow/events-harvest-festival-box-bg.jpg]
[bnetcmsus-a.akamaihd.net/cms/template_resource/images/wow/events-love-is-in-the-air-box-bg.jpg]
[bnetcmsus-a.akamaihd.net/cms/template_resource/images/wow/events-lunar-festival-box-bg.jpg]
[bnetcmsus-a.akamaihd.net/cms/template_resource/images/wow/events-midsummer-fire-festival-box-bg.jpg]
[bnetcmsus-a.akamaihd.net/cms/template_resource/images/wow/events-new-year-box-bg.jpg]
[bnetcmsus-a.akamaihd.net/cms/template_resource/images/wow/events-noblegarden-box-bg.jpg]
[bnetcmsus-a.akamaihd.net/cms/template_resource/images/wow/events-pilgrims-bounty-box-bg.jpg]
[bnetcmsus-a.akamaihd.net/cms/template_resource/images/wow/events-pirates-day-box-bg.jpg]
[bnetcmsus-a.akamaihd.net/cms/template_resource/images/wow/events-stranglethorn-fishing-extravaganza-box-bg.jpg]
[bnetcmsus-a.akamaihd.net/cms/template_resource/images/wow/events-wow-anniversary-box-bg.jpg]
[bnetcmsus-a.akamaihd.net/cms/template_resource/images/wow/events-medallion-sprite.jpg]
[bnetcmsus-a.akamaihd.net/cms/template_resource/images/wow/icon-flyout-arrows.gif]
[bnetcmsus-a.akamaihd.net/cms/template_resource/images/wow/basic-comments-bg.jpg]
[bnetcmsus-a.akamaihd.net/cms/template_resource/images/wow/events-sidebar-sprite.png]
[bnetcmsus-a.akamaihd.net/cms/template_resource/images/wow/media-sprite.png]
[bnetcmsus-a.akamaihd.net/cms/template_resource/images/wow/character-related-wrapper-top.png]
[bnetcmsus-a.akamaihd.net/cms/template_resource/images/wow/character-divider-deco.png]
[bnetcmsus-a.akamaihd.net/cms/template_resource/images/wow/race-icons-sprite.gif]
[bnetcmsus-a.akamaihd.net/cms/template_resource/images/wow/character-related-wrapper-bg.png]
[bnetcmsus-a.akamaihd.net/cms/template_resource/images/wow/character-related-wrapper-bottom.png]
[bnetcmsus-a.akamaihd.net/cms/template_resource/images/wow/character-related-wrapper-middle.png]
[bnetcmsus-a.akamaihd.net/cms/template_resource/images/wow/character-divider-scroll-deco.png]
[bnetcmsus-a.akamaihd.net/cms/template_resource/images/wow/character-scroll-middle.png]
[bnetcmsus-a.akamaihd.net/cms/template_resource/images/wow/character-scroll-top.png]
[bnetcmsus-a.akamaihd.net/cms/template_resource/images/wow/character-scroll-bottom.png]
[bnetcmsus-a.akamaihd.net/cms/template_resource/images/wow/timeline-sprites.png]
[bnetcmsus-a.akamaihd.net/cms/template_resource/images/wow/icon-goto-fansite.gif]
[bnetcmsus-a.akamaihd.net/cms/template_resource/wow/css/wow.min.1cfef.css]
[bnetcmsus-a.akamaihd.net/cms/template_resource/wow.events-content-background.3.png]
[bnetcmsus-a.akamaihd.net/cms/template_resource/wow.wow.min.29cfef.css]
[www.googletagmanager.com/gtm5445.html]
[eu.battle.net/wow/static/local-common/images/icons/feedback-buttons.gif]
[eu.battle.net/wow/static/local-common/images/layout/bg.jpg]
[eu.battle.net/wow/static/local-common/images/service-bar/close.gif]
[eu.battle.net/wow/static/local-common/images/icons/footer.png]
[eu.battle.net/wow/static/local-common/images/icons/footer.gif]
[eu.battle.net/wow/static/local-common/images/layout/world-map.gif]
[eu.battle.net/wow/static/local-common/images/icons/i18n-support.gif]
[eu.battle.net/wow/static/local-common/images/icons/arrows.gif]
[eu.battle.net/wow/static/local-common/images/icons/map-small.gif]
[eu.battle.net/wow/static/local-common/images/loaders/uber-loading.gif]
[eu.battle.net/wow/static/local-common/images/layout/blizzcon/bar-bg.jpg]
[eu.battle.net/wow/static/local-common/images/layout/blizzcon/sprite.png]
[eu.battle.net/wow/static/local-common/images/service-bar/background-msie.png]
[eu.battle.net/wow/static/local-common/images/service-bar/background.png]
[eu.battle.net/wow/static/local-common/images/icons/employee.gif]
[eu.battle.net/wow/static/local-common/images/icons/employee-netease.gif]
[eu.battle.net/wow/static/local-common/images/service-bar/map.png]
[eu.battle.net/wow/static/local-common/images/service-bar/map.gif]
[eu.battle.net/wow/static/local-common/images/service-bar/bnet-app/tooltip-bg.jpg]
[eu.battle.net/wow/static/local-common/images/service-bar/bnet-app/tooltip-arrow.gif]
[eu.battle.net/wow/static/local-common/images/service-bar/bnet-app/features-bullet-small.png]
[eu.battle.net/wow/static/local-common/images/icons/sprite.png]
[eu.battle.net/wow/static/local-common/images/service-bar/bnet-app/tooltip-bg_ru-ru.jpg]
[eu.battle.net/wow/static/local-common/images/service-bar/bnet-app/tooltip-bg_zh-tw.jpg]
[eu.battle.net/wow/static/local-common/images/service-bar/bnet-app/tooltip-bg_fr-fr.jpg]
[eu.battle.net/wow/static/local-common/images/service-bar/bnet-app/tooltip-bg_ko-kr.jpg]
[eu.battle.net/wow/static/local-common/images/service-bar/bnet-app/tooltip-bg_zh-cn.jpg]
[eu.battle.net/wow/static/local-common/images/service-bar/auth/security-alert.png]
[eu.battle.net/wow/static/local-common/images/service-bar/auth/security-alert-ie6.png]
[eu.battle.net/wow/static/local-common/images/service-bar/auth/authenticator.jpg]
[eu.battle.net/wow/static/local-common/images/icons/sprite-msie.png]
[eu.battle.net/wow/static/local-common/images/service-bar/app-screen-explore-menu.png]
[eu.battle.net/wow/static/local-common/images/service-bar/explore-menu3860.jpg]
[eu.battle.net/wow/static/local-common/images/icons/warning.png]
[eu.battle.net/wow/static/local-common/images/icons/warning.gif]
[eu.battle.net/wow/static/local-common/images/service-bar/bg-orange.gif]
[eu.battle.net/wow/static/local-common/images/service-bar/bg-green.gif]
[eu.battle.net/wow/static/local-common/images/service-bar/bg-red.gif]
[eu.battle.net/wow/static/local-common/images/service-bar/globe.png]
[eu.battle.net/wow/static/local-common/images/service-bar/globe.gif]
[eu.battle.net/wow/static/local-common/images/icons/widget.png]
[eu.battle.net/wow/static/local-common/images/layout/cms/cm_actions.gif]
[eu.battle.net/wow/static/local-common/images/context/icons.gif]
[eu.battle.net/wow/static/local-common/images/icons/battletag.png]
[eu.battle.net/wow/static/local-common/images/context/divider.gif]
[eu.battle.net/wow/static/local-common/images/icons/sprite-16.png]
[eu.battle.net/wow/static/local-common/images/icons/sprite-24.png]
[eu.battle.net/wow/static/local-common/images/icons/sprite-32.png]
[eu.battle.net/wow/static/local-common/images/icons/sprite-48.png]
[eu.battle.net/wow/static/local-common/images/icons/sprite-64.png]
[eu.battle.net/wow/static/local-common/images/icons/sprite-carousel-buttons.png]
[eu.battle.net/wow/static/local-common/images/layout/toast-close.gif]
[eu.battle.net/wow/static/local-common/css/commoncfef.css]
[eu.battle.net/wow/static/images/toolkit/themes/bnet/icons/sprite-16-blue.png]
[eu.battle.net/wow/static/images/toolkit/themes/bnet/icons/sprite-16-white.png]
[eu.battle.net/wow/static/images/toolkit/themes/bnet/spinners/spinner-battlenet.png]
[eu.battle.net/wow/static/images/toolkit/themes/bnet/spinners/spinner-40-battlenet.png]
[eu.battle.net/wow/static/images/toolkit/defaults/modals/modal-gradient.png]
[eu.battle.net/wow/static/images/toolkit/themes/bnet/icons/sprite-32-white.png]
[eu.battle.net/wow/static/images/nav-client/footer-icon-cyberpolice.gif]
[eu.battle.net/wow/static/images/nav-client/footer-icon-zx100.gif]
[eu.battle.net/wow/static/images/nav-client/footer-icon-sgs.gif]
[eu.battle.net/wow/static/images/nav-client/footer-icon-shjbzx.gif]
[eu.battle.net/wow/static/images/nav-client/logo-bnet.png]
[eu.battle.net/wow/static/images/nav-client/logo-bnet-compact.png]
[eu.battle.net/wow/static/images/toolkit/themes/bnet/icons/sprite-24-blue.png]
[eu.battle.net/wow/static/images/nav-client/game-icons-70.png]
[eu.battle.net/wow/static/images/nav-client/icon-bell.png]
[eu.battle.net/wow/static/images/nav-client/employee.gif]
[eu.battle.net/wow/static/images/nav-client/bnet-logo-mobile.jpg]
[eu.battle.net/wow/static/images/nav-client/cn-bnet-logo-mobile.jpg]
[eu.battle.net/wow/static/images/nav-client/game-icons-30.png]
[eu.battle.net/wow/static/images/nav-client/icon-blue-menu.png]
[eu.battle.net/wow/static/images/nav-client/icon-blue-bnet.png]
[eu.battle.net/wow/static/images/nav-client/close-48-blue.png]
[eu.battle.net/wow/static/css/nav-client/nav-clientb925.css]
[eu.battle.net/wow/static/css/nav-client/nav-client-responsiveb925.css]
[eu.battle.net/wow/static/css/legal/ratingscfef.css]
[eu.battle.net/wow/static/images/seven-oh/repeat-bg.jpg]
[eu.battle.net/wow/static/images/toolkit/themes/bnet/icons/sprite-24-orange.png]
[eu.battle.net/wow/static/images/logos/blizzard-nav-client.png]
[eu.battle.net/wow/static/images/seven-oh/section-divider-sprite.png]
[eu.battle.net/wow/static/images/seven-oh/footer-obelisk.jpg]
[eu.battle.net/wow/static/images/seven-oh/navigation-runes.png]
[eu.battle.net/wow/static/images/seven-oh/navigation-wow.png]
[eu.battle.net/wow/static/images/seven-oh/navigation-buy.png]
[eu.battle.net/wow/static/images/seven-oh/social-icon-sprite.png]
[eu.battle.net/wow/static/images/seven-oh/mobile-nav-sprite.png]
[eu.battle.net/wow/static/images/seven-oh/repeat-bg-media.jpg]
[eu.battle.net/wow/static/images/seven-oh/media-tab-top.png]
[eu.battle.net/wow/static/images/seven-oh/media-tab-bottom.png]
[eu.battle.net/wow/static/images/seven-oh/button-left.png]
[eu.battle.net/wow/static/images/seven-oh/button-left-hover.png]
[eu.battle.net/wow/static/images/seven-oh/button-left-locked.png]
[eu.battle.net/wow/static/images/seven-oh/button-right.png]
[eu.battle.net/wow/static/images/seven-oh/button-right-hover.png]
[eu.battle.net/wow/static/images/seven-oh/button-right-locked.png]
[eu.battle.net/wow/static/images/seven-oh/button-middle.png]
[eu.battle.net/wow/static/images/seven-oh/button-middle-hover.png]
[eu.battle.net/wow/static/images/seven-oh/button-middle-locked.png]
[eu.battle.net/wow/static/images/seven-oh/button-light.png]
[eu.battle.net/wow/static/images/seven-oh/video-pole-left.png]
[eu.battle.net/wow/static/images/seven-oh/video-pole-right.png]
[eu.battle.net/wow/static/images/seven-oh/video-pole-center.png]
[eu.battle.net/wow/static/images/seven-oh/video-chain.png]
[eu.battle.net/wow/static/images/seven-oh/coming-soon-thumb.jpg]
[eu.battle.net/wow/static/images/seven-oh/video-play-small.png]
[eu.battle.net/wow/static/images/seven-oh/video-play-small-hover.png]
[eu.battle.net/wow/static/images/seven-oh/video-play-small-locked.png]
[eu.battle.net/wow/static/images/seven-oh/video-play-large.png]
[eu.battle.net/wow/static/images/seven-oh/video-play-large-hover.png]
[eu.battle.net/wow/static/images/seven-oh/media-locked.png]
[eu.battle.net/wow/static/images/seven-oh/beginner-trial-button.jpg]
[eu.battle.net/wow/static/images/seven-oh/veteran-trial-button.jpg]
[eu.battle.net/wow/static/images/seven-oh/header-video-overlay.png]
[eu.battle.net/wow/static/images/seven-oh/header-video-base.jpg]
[eu.battle.net/wow/static/images/seven-oh/class-transition.jpg]
[eu.battle.net/wow/static/images/loaders/media-page-load.gif]
[eu.battle.net/wow/static/images/seven-oh/frame-corners-sprite.png]
[eu.battle.net/wow/static/images/seven-oh/play-btn.png]
[eu.battle.net/wow/static/images/seven-oh/modal-left-arrow.png]
[eu.battle.net/wow/static/images/seven-oh/modal-left-arrow-hover.png]
[eu.battle.net/wow/static/images/seven-oh/modal-right-arrow.png]
[eu.battle.net/wow/static/images/seven-oh/modal-right-arrow-hover.png]
[eu.battle.net/wow/static/images/seven-oh/bullet.png]
[eu.battle.net/wow/static/images/seven-oh/media-wallpaper-standard.png]
[eu.battle.net/wow/static/images/seven-oh/media-wallpaper-standard-hover.png]
[eu.battle.net/wow/static/images/seven-oh/media-wallpaper-wide.png]
[eu.battle.net/wow/static/images/seven-oh/media-wallpaper-wide-hover.png]
[eu.battle.net/wow/static/images/seven-oh/media-wallpaper-mobile.png]
[eu.battle.net/wow/static/images/seven-oh/media-wallpaper-mobile-hover.png]
[eu.battle.net/wow/static/images/seven-oh/media-wallpaper-tablet.png]
[eu.battle.net/wow/static/images/seven-oh/media-wallpaper-tablet-hover.png]
[eu.battle.net/wow/static/images/seven-oh/media-wallpaper-facebook.png]
[eu.battle.net/wow/static/images/seven-oh/media-wallpaper-facebook-hover.png]
[eu.battle.net/wow/static/images/seven-oh/media-wallpaper-twitter.png]
[eu.battle.net/wow/static/images/seven-oh/media-wallpaper-twitter-hover.png]
[eu.battle.net/wow/static/images/seven-oh/social-icon-ie-facebook.png]
[eu.battle.net/wow/static/images/seven-oh/social-icon-ie-twitter.png]
[eu.battle.net/wow/static/images/seven-oh/social-icon-ie-youtube.png]
[eu.battle.net/wow/static/images/seven-oh/social-icon-ie-vk.png]
[eu.battle.net/wow/static/images/seven-oh/social-icon-ie-weibo.png]
[eu.battle.net/wow/static/images/seven-oh/social-icon-ie-wechat.png]
[eu.battle.net/wow/static/images/seven-oh/social-icon-ie-youku.png]
[eu.battle.net/wow/static/css/seven-oh/seven-ohb925.css]
[fast.fonts.net/t/16ff9.css]
[bnetcmsus-a.akamaihd.net/cms/template_resource/wow/js/wow.min.1cfef.js]
[bnetcmsus-a.akamaihd.net/cms/template_resource/images/wow/events-content-background.html]
[bnetcmsus-a.akamaihd.net/cms/template_resource/images/wow/events-bg-left-body.html]
[bnetcmsus-a.akamaihd.net/cms/template_resource/images/wow/events-bg-left-bottom.html]
[bnetcmsus-a.akamaihd.net/cms/template_resource/images/wow/events-bg-left-top.html]
[bnetcmsus-a.akamaihd.net/cms/template_resource/images/wow/events-sprite.html]
[bnetcmsus-a.akamaihd.net/cms/template_resource/images/wow/events-arrows-compact.html]
[bnetcmsus-a.akamaihd.net/cms/template_resource/images/wow/wiki-box-bg.html]
[bnetcmsus-a.akamaihd.net/cms/template_resource/images/wow/events-brewfest-box-bg.html]
[bnetcmsus-a.akamaihd.net/cms/template_resource/images/wow/events-childrens-week-box-bg.html]
[bnetcmsus-a.akamaihd.net/cms/template_resource/images/wow/events-darkmoon-faire-box-bg.html]
[bnetcmsus-a.akamaihd.net/cms/template_resource/images/wow/events-day-of-the-dead-box-bg.html]
[bnetcmsus-a.akamaihd.net/cms/template_resource/images/wow/events-feast-of-winter-veil-box-bg.html]
[bnetcmsus-a.akamaihd.net/cms/template_resource/images/wow/events-hallows-end-box-bg.html]
[bnetcmsus-a.akamaihd.net/cms/template_resource/images/wow/events-harvest-festival-box-bg.html]
[bnetcmsus-a.akamaihd.net/cms/template_resource/images/wow/events-love-is-in-the-air-box-bg.html]
[bnetcmsus-a.akamaihd.net/cms/template_resource/images/wow/events-lunar-festival-box-bg.html]
[bnetcmsus-a.akamaihd.net/cms/template_resource/images/wow/events-midsummer-fire-festival-box-bg.html]
[bnetcmsus-a.akamaihd.net/cms/template_resource/images/wow/events-new-year-box-bg.html]
[bnetcmsus-a.akamaihd.net/cms/template_resource/images/wow/events-noblegarden-box-bg.html]
[bnetcmsus-a.akamaihd.net/cms/template_resource/images/wow/events-pilgrims-bounty-box-bg.html]
[bnetcmsus-a.akamaihd.net/cms/template_resource/images/wow/events-pirates-day-box-bg.html]
[bnetcmsus-a.akamaihd.net/cms/template_resource/images/wow/events-stranglethorn-fishing-extravaganza-box-bg.html]
[bnetcmsus-a.akamaihd.net/cms/template_resource/images/wow/events-wow-anniversary-box-bg.html]
[bnetcmsus-a.akamaihd.net/cms/template_resource/images/wow/events-medallion-sprite.html]
[bnetcmsus-a.akamaihd.net/cms/template_resource/images/wow/icon-flyout-arrows.html]
[bnetcmsus-a.akamaihd.net/cms/template_resource/images/wow/basic-comments-bg.html]
[bnetcmsus-a.akamaihd.net/cms/template_resource/images/wow/events-sidebar-sprite.html]
[bnetcmsus-a.akamaihd.net/cms/template_resource/images/wow/media-sprite.html]
[bnetcmsus-a.akamaihd.net/cms/template_resource/images/wow/character-related-wrapper-top.html]
[bnetcmsus-a.akamaihd.net/cms/template_resource/images/wow/character-divider-deco.html]
[bnetcmsus-a.akamaihd.net/cms/template_resource/images/wow/race-icons-sprite.html]
[bnetcmsus-a.akamaihd.net/cms/template_resource/images/wow/character-related-wrapper-bg.html]
[bnetcmsus-a.akamaihd.net/cms/template_resource/images/wow/character-related-wrapper-bottom.html]
[bnetcmsus-a.akamaihd.net/cms/template_resource/images/wow/character-related-wrapper-middle.html]
[bnetcmsus-a.akamaihd.net/cms/template_resource/images/wow/character-divider-scroll-deco.html]
[bnetcmsus-a.akamaihd.net/cms/template_resource/images/wow/character-scroll-middle.html]
[bnetcmsus-a.akamaihd.net/cms/template_resource/images/wow/character-scroll-top.html]
[bnetcmsus-a.akamaihd.net/cms/template_resource/images/wow/character-scroll-bottom.html]
[bnetcmsus-a.akamaihd.net/cms/template_resource/images/wow/timeline-sprites.html]
[bnetcmsus-a.akamaihd.net/cms/template_resource/images/wow/icon-goto-fansite.html]
[eu.battle.net/wow/static/local-common/images/icons/sprite-16.html]
[eu.battle.net/wow/static/local-common/images/icons/sprite-24.html]
[eu.battle.net/wow/static/local-common/images/icons/sprite-32.html]
[eu.battle.net/wow/static/local-common/images/icons/sprite-48.html]
[eu.battle.net/wow/static/local-common/images/icons/sprite-64.html]
[eu.battle.net/wow/static/images/toolkit/defaults/modals/modal-gradient.html]
